docker0: Success
docker0: Resource temporarily unavailable
docker0: Resource temporarily unavailable
docker0: Resource temporarily unavailable
docker0: Resource temporarily unavailable
docker0: Resource temporarily unavailable
docker0: Resource temporarily unavailable
docker0: Resource temporarily unavailable
docker0: Resource temporarily unavailable
docker0: Resource temporarily unavailable
docker0: Resource temporarily unavailable
